<?xml version="1.0" encoding="utf-8" ?>
<FuzzyTool>
    <Instance TestName ="MP_FuzzComEsc_1_0" MajorCode ="1" MinorCode ="0"></Instance>
    <Instance TestName ="MP_FuzzComEsc_1_1" MajorCode ="1" MinorCode ="1"></Instance>
    <Instance TestName ="MP_FuzzComEsc_1_2" MajorCode ="1" MinorCode ="2"></Instance>
    <Instance TestName ="MP_FuzzComEsc_1_3" MajorCode ="1" MinorCode ="3"></Instance>
    <Instance TestName ="MP_FuzzComEsc_1_4" MajorCode ="1" MinorCode ="4"></Instance>
    <Instance TestName ="MP_FuzzComEsc_1_5" MajorCode ="1" MinorCode ="5"></Instance>
    <Instance TestName ="MP_FuzzComEsc_1_6" MajorCode ="1" MinorCode ="6"></Instance>
    <Instance TestName ="MP_FuzzComEsc_1_7" MajorCode ="1" MinorCode ="7"></Instance>
    <Instance TestName ="MP_FuzzComEsc_1_8" MajorCode ="1" MinorCode ="8"></Instance>
    <Instance TestName ="MP_FuzzComEsc_1_9" MajorCode ="1" MinorCode ="9"></Instance>
    <Instance TestName ="MP_FuzzComEsc_1_10" MajorCode ="1" MinorCode ="10"></Instance>
    <Instance TestName ="MP_FuzzComEsc_1_11" MajorCode ="1" MinorCode ="11"></Instance>
    <Instance TestName ="MP_FuzzComEsc_1_12" MajorCode ="1" MinorCode ="12"></Instance>
    <Instance TestName ="MP_FuzzComEsc_1_13" MajorCode ="1" MinorCode ="13"></Instance>
    <Instance TestName ="MP_FuzzComEsc_1_14" MajorCode ="1" MinorCode ="14"></Instance>
    <Instance TestName ="MP_FuzzComEsc_1_15" MajorCode ="1" MinorCode ="15"></Instance>
    <Instance TestName ="MP_FuzzComEsc_1_16" MajorCode ="1" MinorCode ="16"></Instance>
    <Instance TestName ="MP_FuzzComEsc_1_17" MajorCode ="1" MinorCode ="17"></Instance>
    <Instance TestName ="MP_FuzzComEsc_1_18" MajorCode ="1" MinorCode ="18"></Instance>
    <Instance TestName ="MP_FuzzComEsc_1_19" MajorCode ="1" MinorCode ="19"></Instance>
    <Instance TestName ="MP_FuzzComEsc_1_20" MajorCode ="1" MinorCode ="20"></Instance>
    <Instance TestName ="MP_FuzzComEsc_1_21" MajorCode ="1" MinorCode ="21"></Instance>
    <Instance TestName ="MP_FuzzComEsc_1_22" MajorCode ="1" MinorCode ="22"></Instance>
    <Instance TestName ="MP_FuzzComEsc_1_23" MajorCode ="1" MinorCode ="23"></Instance>
    <Instance TestName ="MP_FuzzComEsc_1_24" MajorCode ="1" MinorCode ="24"></Instance>
    <Instance TestName ="MP_FuzzComEsc_1_25" MajorCode ="1" MinorCode ="25"></Instance>
    <Instance TestName ="MP_FuzzComEsc_1_26" MajorCode ="1" MinorCode ="26"></Instance>
    <Instance TestName ="MP_FuzzComEsc_1_27" MajorCode ="1" MinorCode ="27"></Instance>
    <Instance TestName ="MP_FuzzComEsc_1_28" MajorCode ="1" MinorCode ="28"></Instance>
    <Instance TestName ="MP_FuzzComEsc_1_29" MajorCode ="1" MinorCode ="29"></Instance>
    <Instance TestName ="MP_FuzzComEsc_1_30" MajorCode ="1" MinorCode ="30"></Instance>
    <Instance TestName ="MP_FuzzComEsc_1_31" MajorCode ="1" MinorCode ="31"></Instance>
    <Instance TestName ="MP_FuzzComEsc_1_32" MajorCode ="1" MinorCode ="32"></Instance>
    <Instance TestName ="MP_FuzzComEsc_1_33" MajorCode ="1" MinorCode ="33"></Instance>
    <Instance TestName ="MP_FuzzComEsc_1_34" MajorCode ="1" MinorCode ="34"></Instance>
    <Instance TestName ="MP_FuzzComEsc_1_35" MajorCode ="1" MinorCode ="35"></Instance>
    <Instance TestName ="MP_FuzzComEsc_1_36" MajorCode ="1" MinorCode ="36"></Instance>
    <Instance TestName ="MP_FuzzComEsc_1_37" MajorCode ="1" MinorCode ="37"></Instance>
    <Instance TestName ="MP_FuzzComEsc_1_38" MajorCode ="1" MinorCode ="38"></Instance>
    <Instance TestName ="MP_FuzzComEsc_1_39" MajorCode ="1" MinorCode ="39"></Instance>
    <Instance TestName ="MP_FuzzComEsc_1_40" MajorCode ="1" MinorCode ="40"></Instance>
    <Instance TestName ="MP_FuzzComEsc_1_41" MajorCode ="1" MinorCode ="41"></Instance>
    <Instance TestName ="MP_FuzzComEsc_1_200" MajorCode ="1" MinorCode ="200"></Instance>
    <Instance TestName ="MP_FuzzComEsc_1_201" MajorCode ="1" MinorCode ="201"></Instance>
    <Instance TestName ="MP_FuzzComEsc_1_202" MajorCode ="1" MinorCode ="202"></Instance>
    <Instance TestName ="MP_FuzzComEsc_18_0" MajorCode ="18" MinorCode ="0"></Instance>
    <Instance TestName ="MP_FuzzComEsc_18_1" MajorCode ="18" MinorCode ="1"></Instance>
    <Instance TestName ="MP_FuzzComEsc_18_2" MajorCode ="18" MinorCode ="2"></Instance>
    <Instance TestName ="MP_FuzzComEsc_18_3" MajorCode ="18" MinorCode ="3"></Instance>
    <Instance TestName ="MP_FuzzComEsc_18_4" MajorCode ="18" MinorCode ="4"></Instance>
    <Instance TestName ="MP_FuzzComEsc_18_5" MajorCode ="18" MinorCode ="5"></Instance>
    <Instance TestName ="MP_FuzzComEsc_18_6" MajorCode ="18" MinorCode ="6"></Instance>
    <Instance TestName ="MP_FuzzComEsc_18_7" MajorCode ="18" MinorCode ="7"></Instance>
    <Instance TestName ="MP_FuzzComEsc_18_8" MajorCode ="18" MinorCode ="8"></Instance>
    <Instance TestName ="MP_FuzzComEsc_18_9" MajorCode ="18" MinorCode ="9"></Instance>
    <Instance TestName ="MP_FuzzComEsc_18_10" MajorCode ="18" MinorCode ="10"></Instance>
    <Instance TestName ="MP_FuzzComEsc_18_11" MajorCode ="18" MinorCode ="11"></Instance>
    <Instance TestName ="MP_FuzzComEsc_18_12" MajorCode ="18" MinorCode ="12"></Instance>
    <Instance TestName ="MP_FuzzComEsc_18_13" MajorCode ="18" MinorCode ="13"></Instance>
    <Instance TestName ="MP_FuzzComEsc_18_14" MajorCode ="18" MinorCode ="14"></Instance>
    <Instance TestName ="MP_FuzzComEsc_18_15" MajorCode ="18" MinorCode ="15"></Instance>
    <Instance TestName ="MP_FuzzComEsc_18_16" MajorCode ="18" MinorCode ="16"></Instance>
    <Instance TestName ="MP_FuzzComEsc_18_17" MajorCode ="18" MinorCode ="17"></Instance>
    <Instance TestName ="MP_FuzzComEsc_4_0" MajorCode ="4" MinorCode ="0"></Instance>
    <Instance TestName ="MP_FuzzComEsc_24_0" MajorCode ="24" MinorCode ="0"></Instance>
    <Instance TestName ="MP_FuzzComEsc_24_1" MajorCode ="24" MinorCode ="1"></Instance>
    <Instance TestName ="MP_FuzzComEsc_24_2" MajorCode ="24" MinorCode ="2"></Instance>
    <Instance TestName ="MP_FuzzComEsc_24_3" MajorCode ="24" MinorCode ="3"></Instance>
    <Instance TestName ="MP_FuzzComEsc_24_4" MajorCode ="24" MinorCode ="4"></Instance>
    <Instance TestName ="MP_FuzzComEsc_20_0" MajorCode ="20" MinorCode ="0"></Instance>
    <Instance TestName ="MP_FuzzComEsc_20_1" MajorCode ="20" MinorCode ="1"></Instance>
    <Instance TestName ="MP_FuzzComEsc_20_2" MajorCode ="20" MinorCode ="2"></Instance>
    <Instance TestName ="MP_FuzzComEsc_20_3" MajorCode ="20" MinorCode ="3"></Instance>
    <Instance TestName ="MP_FuzzComEsc_20_4" MajorCode ="20" MinorCode ="4"></Instance>
    <Instance TestName ="MP_FuzzComEsc_20_5" MajorCode ="20" MinorCode ="5"></Instance>
    <Instance TestName ="MP_FuzzComEsc_20_6" MajorCode ="20" MinorCode ="6"></Instance>
    <Instance TestName ="MP_FuzzComEsc_20_7" MajorCode ="20" MinorCode ="7"></Instance>
    <Instance TestName ="MP_FuzzComEsc_20_8" MajorCode ="20" MinorCode ="8"></Instance>
    <Instance TestName ="MP_FuzzComEsc_19_0" MajorCode ="19" MinorCode ="0"></Instance>
    <Instance TestName ="MP_FuzzComEsc_102_0" MajorCode ="102" MinorCode ="0"></Instance>
</FuzzyTool>
