<Events>
  <Event name = "XVYCC_ENABLE">
    <Register>PIPE_CONF_REGISTER_ENABLE</Register>
    <Register>VIDEO_DIP_CTRL_ENABLE</Register>
    <Register>PRIMARY_CTRL_ENABLE</Register>
  </Event>
  <Event name = "XVYCC_ENABLE_CURSOR">
    <Register>CURSOR_CTRL_ENABLE</Register>
  </Event>
  <Event name = "XVYCC_DISABLE">
    <Register>PIPE_CONF_REGISTER_DISABLE</Register>
    <Register>VIDEO_DIP_CTRL_DISABLE</Register>
    <Register>PRIMARY_CTRL_DISABLE</Register>
  </Event>
  <Event name = "XVYCC_DISABLE_1080">
    <Register>PIPE_CONF_REGISTER_DISABLE</Register>
    <Register>VIDEO_DIP_CTRL_DISABLE</Register>
    <Register>PRIMARY_CTRL_ENABLE</Register>
  </Event>
  <Event name = "XVYCC_DISABLE_1080_CURSOR">
    <Register>CURSOR_CTRL_ENABLE</Register>
  </Event>
  <Event name = "XVYCC_DISABLE_CURSOR">
    <Register>CURSOR_CTRL_DISABLE</Register>
  </Event>
  <Event name = "YCBCR_ENABLE">
    <Register>PIPE_CONF_REGISTER_ENABLE</Register>
    <Register>VIDEO_DIP_CTRL_DISABLE</Register>
    <Register>PRIMARY_CTRL_ENABLE</Register>
  </Event>
  <Event name = "YCBCR_ENABLE_CURSOR">
    <Register>CURSOR_CTRL_ENABLE</Register>
  </Event>
  <Event name = "YCBCR_DISABLE_CURSOR">
    <Register>CURSOR_CTRL_DISABLE</Register>
  </Event>
  <Event name = "XVYCC_DISABLED_SPRITE_ENABLED">
    <Register>XVYCC_DISABLED_SPRITE_ENABLED</Register>
    <Register>PIPE_CONF_REGISTER_DISABLE</Register>
    <Register>VIDEO_DIP_CTRL_DISABLE</Register>
    <Register>PRIMARY_CTRL_DISABLE</Register>
  </Event>
  <Event name = "XVYCC_DISABLED_SPRITE_ENABLED_CURSOR">
    <Register>CURSOR_CTRL_DISABLE</Register>
  </Event>
  <Event name = "XVYCC_DISABLED_SPRITE_ENABLED_Win7">
    <Register>XVYCC_DISABLED_SPRITE_ENABLED</Register>
    <Register>PIPE_CONF_REGISTER_DISABLE</Register>
    <Register>VIDEO_DIP_CTRL_DISABLE</Register>
    <Register>PRIMARY_CTRL_DISABLE</Register>
  </Event>
  <Event name = "XVYCC_DISABLED_SPRITE_ENABLED_Win7_CURSOR">
    <Register>CURSOR_CTRL_DISABLE</Register>
  </Event>
  <Event name = "XVYCC_DISABLED_SPRITE_ENABLED_1080">
    <Register>SPRITE_ENABLED</Register>
    <Register>PIPE_CONF_REGISTER_DISABLE</Register>
    <Register>VIDEO_DIP_CTRL_DISABLE</Register>
    <Register>PRIMARY_CTRL_ENABLE</Register>
  </Event>
  <Event name = "XVYCC_DISABLED_SPRITE_ENABLED_1080_CURSOR">
    <Register>CURSOR_CTRL_ENABLE</Register>
  </Event>
  <Event name = "XVYCC_DISABLED_SPRITE_ENABLED_1080_SPRITE">
    <Register>SPRITE_ENABLED</Register>
    <Register>PIPE_CONF_REGISTER_DISABLE</Register>
    <Register>VIDEO_DIP_CTRL_DISABLE</Register>
    <Register>PRIMARY_CTRL_ENABLE</Register>
  </Event>
  <Event name = "XVYCC_DISABLED_SPRITE_ENABLED_1080_SPRITE_CURSOR">
    <Register>CURSOR_CTRL_ENABLE</Register>
  </Event>
  <Event name = "XVYCC_DISABLED_SPRITE_ENABLED_SPRITE">
    <Register>SPRITE_ON</Register>
    <Register>PIPE_CONF_REGISTER_DISABLE</Register>
    <Register>VIDEO_DIP_CTRL_DISABLE</Register>
    <Register>PRIMARY_CTRL_DISABLE</Register>
  </Event>
  <Event name = "XVYCC_DISABLED_SPRITE_ENABLED_SPRITE_CURSOR">
    <Register>CURSOR_CTRL_DISABLE</Register>
  </Event>
  <Event name = "XVYCC_DISABLED_SPRITE_ENABLED_Win7_1080">
    <Register>SPRITE_ENABLED</Register>
    <Register>PIPE_CONF_REGISTER_DISABLE</Register>
    <Register>VIDEO_DIP_CTRL_DISABLE</Register>
    <Register>PRIMARY_CTRL_ENABLE</Register>
  </Event>
  <Event name = "XVYCC_DISABLED_SPRITE_ENABLED_Win7_1080_CURSOR">
    <Register>CURSOR_CTRL_ENABLE</Register>
  </Event>
  <Event name = "XVYCC_DISABLED_SPRITE_ENABLED_Win7_SPRITE">
    <Register>XVYCC_DISABLED_SPRITE_ENABLED</Register>
    <Register>PIPE_CONF_REGISTER_DISABLE</Register>
    <Register>VIDEO_DIP_CTRL_DISABLE</Register>
    <Register>PRIMARY_CTRL_DISABLE</Register>
  </Event>
  <Event name = "XVYCC_DISABLED_SPRITE_ENABLED_Win7_SPRITE_CURSOR">
    <Register>CURSOR_CTRL_DISABLE</Register>
  </Event>
  <Event name = "XVYCC_DISABLED_SPRITE_ENABLED_Win7_1080_SPRITE">
    <Register>SPRITE_ON</Register>
    <Register>PIPE_CONF_REGISTER_DISABLE</Register>
    <Register>VIDEO_DIP_CTRL_DISABLE</Register>
    <Register>PRIMARY_CTRL_ENABLE</Register>
  </Event>
  <Event name = "XVYCC_DISABLED_SPRITE_ENABLED_Win7_1080_SPRITE_CURSOR">
    <Register>CURSOR_CTRL_ENABLE</Register>
  </Event>
  <Event name = "XVYCC_DISABLED_SPRITE_ENABLED_YCBCR">
    <Register>SPRITE_ON</Register>
    <Register>PIPE_CONF_REGISTER_DISABLE</Register>
    <Register>VIDEO_DIP_CTRL_DISABLE</Register>
    <Register>PRIMARY_CTRL_DISABLE</Register>
  </Event>
  <Event name = "XVYCC_DISABLED_SPRITE_ENABLED_YCBCR_CURSOR">
    <Register>CURSOR_CTRL_DISABLE</Register>
  </Event>
  <Event name = "XVYCC_DISABLED_SPRITE_ENABLED_YCBCR_SPRITE">
    <Register>SPRITE_ON</Register>
    <Register>PIPE_CONF_REGISTER_DISABLE</Register>
    <Register>VIDEO_DIP_CTRL_DISABLE</Register>
    <Register>PRIMARY_CTRL_DISABLE</Register>
  </Event>
  <Event name = "XVYCC_DISABLED_SPRITE_ENABLED_YCBCR_SPRITE_CURSOR">
    <Register>CURSOR_CTRL_DISABLE</Register>
  </Event>
  <Event name = "XVYCC_DISABLED_SPRITE_ENABLED_YCBCR_1080">
    <Register>SPRITE_ON</Register>
    <Register>PIPE_CONF_REGISTER_DISABLE</Register>
    <Register>VIDEO_DIP_CTRL_DISABLE</Register>
    <Register>PRIMARY_CTRL_ENABLE</Register>
  </Event>
  <Event name = "XVYCC_DISABLED_SPRITE_ENABLED_YCBCR_1080_CURSOR">
    <Register>CURSOR_CTRL_ENABLE</Register>
  </Event>
  <Event name = "XVYCC_DISABLED_SPRITE_ENABLED_YCBCR_Win7">
    <Register>XVYCC_DISABLED_SPRITE_ENABLED</Register>
    <Register>PIPE_CONF_REGISTER_DISABLE</Register>
    <Register>VIDEO_DIP_CTRL_DISABLE</Register>
    <Register>PRIMARY_CTRL_DISABLE</Register>
  </Event>
  <Event name = "XVYCC_DISABLED_SPRITE_ENABLED_YCBCR_Win7_CURSOR">
    <Register>CURSOR_CTRL_DISABLE</Register>
  </Event>
  <Event name = "XVYCC_DISABLED_SPRITE_ENABLED_YCBCR_Win7_1080">
    <Register>SPRITE_ON</Register>
    <Register>PIPE_CONF_REGISTER_DISABLE</Register>
    <Register>VIDEO_DIP_CTRL_DISABLE</Register>
    <Register>PRIMARY_CTRL_ENABLE</Register>
  </Event>
  <Event name = "XVYCC_DISABLED_SPRITE_ENABLED_YCBCR_Win7_1080_CURSOR">
    <Register>CURSOR_CTRL_ENABLE</Register>
  </Event>
<Event name = "XVYCC_DISABLED_SPRITE_ENABLED_YCBCR_Win7_SPRITE">
    <Register>XVYCC_DISABLED_SPRITE_ENABLED</Register>
    <Register>PIPE_CONF_REGISTER_DISABLE</Register>
    <Register>VIDEO_DIP_CTRL_DISABLE</Register>
    <Register>PRIMARY_CTRL_DISABLE</Register>
  </Event>
  <Event name = "XVYCC_DISABLED_SPRITE_ENABLED_YCBCR_Win7_SPRITE_CURSOR">
    <Register>CURSOR_CTRL_DISABLE</Register>
  </Event>
<Event name = "XVYCC_DISABLED_SPRITE_ENABLED_YCBCR_Win7_1080_SPRITE">
    <Register>SPRITE_ON</Register>
    <Register>PIPE_CONF_REGISTER_DISABLE</Register>
    <Register>VIDEO_DIP_CTRL_DISABLE</Register>
    <Register>PRIMARY_CTRL_ENABLE</Register>
  </Event>
  <Event name = "XVYCC_DISABLED_SPRITE_ENABLED_YCBCR_Win7_1080_SPRITE_CURSOR">
    <Register>CURSOR_CTRL_ENABLE</Register>
  </Event>
  <Event name = "SPRITE_ENABLED_NON_XVYCC">
    <Register>SPRITE_ENABLED</Register>
    <Register>PIPE_CONF_REGISTER_DISABLE</Register>
  </Event>
  <Event name = "SPRITE_ENABLED_NON_XVYCC_CLONE">
    <Register>XVYCC_DISABLED_SPRITE_ENABLED</Register>
    <Register>PIPE_CONF_REGISTER_DISABLE</Register>
  </Event>
  <Event name = "XVYCC_ENABLED_SPRITE_ENABLED">
    <Register>SPRITE_ENABLED</Register>
    <Register>PIPE_CONF_REGISTER_ENABLE</Register>
    <Register>VIDEO_DIP_CTRL_ENABLE</Register>
    <Register>PRIMARY_CTRL_ENABLE</Register>
  </Event>
  <Event name = "XVYCC_ENABLED_SPRITE_ENABLED_Win7">
    <Register>XVYCC_DISABLED_SPRITE_ENABLED</Register>
    <Register>PIPE_CONF_REGISTER_ENABLE</Register>
    <Register>VIDEO_DIP_CTRL_ENABLE</Register>
    <Register>PRIMARY_CTRL_ENABLE</Register>
  </Event>
  <Event name = "XVYCC_ENABLED_SPRITE_ENABLED_Win7_CURSOR">
    <Register>CURSOR_CTRL_ENABLE</Register>
  </Event>
  <Event name = "XVYCC_ENABLED_SPRITE_OFF">
    <Register>XVYCC_DISABLED_SPRITE_ENABLED</Register>
    <Register>PIPE_CONF_REGISTER_ENABLE</Register>
    <Register>VIDEO_DIP_CTRL_ENABLE</Register>
    <Register>PRIMARY_CTRL_ENABLE</Register>
  </Event>
  <Event name = "YCBCR_ENABLED_SPRITE_OFF">
    <Register>XVYCC_DISABLED_SPRITE_ENABLED</Register>
    <Register>PIPE_CONF_REGISTER_ENABLE</Register>
    <Register>VIDEO_DIP_CTRL_ENABLE</Register>
    <Register>PRIMARY_CTRL_ENABLE</Register>
  </Event>
  <Event name = "YCBCR_ENABLED_SPRITE_OFF_CURSOR">
    <Register>CURSOR_CTRL_ENABLE</Register>
  </Event>
  <Event name = "XVYCC_ENABLED_SPRITE_ENABLED_CURSOR">
    <Register>CURSOR_CTRL_ENABLE</Register>
  </Event>
  <Event name = "XVYCC_ENABLED_SPRITE_OFF_CURSOR">
    <Register>CURSOR_CTRL_ENABLE</Register>
  </Event>
  <Event name = "YCBCR_ENABLED_SPRITE_ENABLED">
    <Register>SPRITE_ENABLED</Register>
    <Register>PIPE_CONF_REGISTER_ENABLE</Register>
    <Register>VIDEO_DIP_CTRL_DISABLE</Register>
    <Register>PRIMARY_CTRL_ENABLE</Register>
  </Event>
  <Event name = "YCBCR_ENABLED_SPRITE_ENABLED_Win7">
    <Register>XVYCC_DISABLED_SPRITE_ENABLED</Register>
    <Register>PIPE_CONF_REGISTER_ENABLE</Register>
    <Register>VIDEO_DIP_CTRL_DISABLE</Register>
    <Register>PRIMARY_CTRL_ENABLE</Register>
  </Event>
  <Event name = "YCBCR_ENABLED_SPRITE_ENABLED_Win7_CURSOR">
    <Register>CURSOR_CTRL_ENABLE</Register>
  </Event>
  <Event name = "YCBCR_ENABLED_SPRITE_ENABLED_CURSOR">
    <Register>CURSOR_CTRL_ENABLE</Register>
  </Event>
  <Event name = "XVYCC_ENABLED_SPRITE_ENABLED_CURSOR">
    <Register>SPRITE_ENABLED</Register>
    <Register>PIPE_CONF_REGISTER_ENABLE</Register>
    <Register>VIDEO_DIP_CTRL_ENABLE</Register>
    <Register>PRIMARY_CTRL_ENABLE</Register>
    <Register>CURSOR_CTRL_ENABLE</Register>
  </Event>
  <Event name = "YCBCR_DISABLE">
    <Register>PIPE_CONF_REGISTER_DISABLE</Register>
    <Register>VIDEO_DIP_CTRL_DISABLE</Register>
    <Register>PRIMARY_CTRL_DISABLE</Register>
  </Event>
  <Event name = "YCBCR_DISABLE_CURSOR">
    <Register>PIPE_CONF_REGISTER_DISABLE</Register>
    <Register>VIDEO_DIP_CTRL_DISABLE</Register>
    <Register>PRIMARY_CTRL_DISABLE</Register>
    <Register>CURSOR_CTRL_DISABLE</Register>
  </Event>

  <Event name = "XVYCC_ENABLED_CLONE_SPRITE_DISABLED">
    <Register>SPRITE_DISABLED</Register>
    <Register>PIPE_CONF_REGISTER_ENABLE</Register>
    <Register>VIDEO_DIP_CTRL_ENABLE</Register>
    <Register>PRIMARY_CTRL_ENABLE</Register>
  </Event>

  <Event name = "XVYCC_ENABLED_CLONE_SPRITE_DISABLED_CURSOR">
    <Register>CURSOR_CTRL_ENABLE</Register>
  </Event>

  <Event name = "YCBCR_ENABLED_CLONE_SPRITE_DISABLED">
    <Register>SPRITE_DISABLED</Register>
    <Register>PIPE_CONF_REGISTER_ENABLE</Register>
    <Register>VIDEO_DIP_CTRL_DISABLE</Register>
    <Register>PRIMARY_CTRL_ENABLE</Register>
  </Event>

  <Event name = "YCBCR_ENABLED_CLONE_SPRITE_DISABLED_CURSOR">
    <Register>CURSOR_CTRL_ENABLE</Register>
  </Event>

  <Event name = "XVYCC_DISABLED_CLONE_SPRITE_DISABLED">
    <Register>SPRITE_DISABLED</Register>
    <Register>PIPE_CONF_REGISTER_DISABLE</Register>
    <Register>VIDEO_DIP_CTRL_DISABLE</Register>
    <Register>PRIMARY_CTRL_DISABLE</Register>
  </Event>
  <Event name = "XVYCC_DISABLED_CLONE_SPRITE_DISABLED_SPRITE">
    <Register>SPRITE_DISABLED</Register>
    <Register>PIPE_CONF_REGISTER_DISABLE</Register>
    <Register>VIDEO_DIP_CTRL_DISABLE</Register>
    <Register>PRIMARY_CTRL_DISABLE</Register>
  </Event>
  <Event name = "XVYCC_DISABLED_CLONE_SPRITE_DISABLED_CURSOR">
    <Register>CURSOR_CTRL_DISABLE</Register>
  </Event>
  <Event name = "XVYCC_DISABLED_CLONE_SPRITE_DISABLED_SPRITE_CURSOR">
    <Register>CURSOR_CTRL_DISABLE</Register>
  </Event>
  <Event name = "XVYCC_DISABLED_CLONE_SPRITE_DISABLED_1080">
    <Register>SPRITE_ENABLED</Register>
    <Register>PIPE_CONF_REGISTER_DISABLE</Register>
    <Register>VIDEO_DIP_CTRL_DISABLE</Register>
    <Register>PRIMARY_CTRL_ENABLE</Register>
  </Event>
  <Event name = "XVYCC_DISABLED_CLONE_SPRITE_DISABLED_1080_SPRITE">
    <Register>SPRITE_DISABLED</Register>
    <Register>PIPE_CONF_REGISTER_DISABLE</Register>
    <Register>VIDEO_DIP_CTRL_DISABLE</Register>
    <Register>PRIMARY_CTRL_ENABLE</Register>
  </Event>
  <Event name = "XVYCC_DISABLED_CLONE_SPRITE_DISABLED_1080_CURSOR">
    <Register>CURSOR_CTRL_ENABLE</Register>
  </Event>
  <Event name = "XVYCC_DISABLED_CLONE_SPRITE_DISABLED_1080_SPRITE_CURSOR">
    <Register>CURSOR_CTRL_ENABLE</Register>
  </Event>
  <Event name = "NON_HDMI_PANEL">
    <Register>PIPE_CONF_REGISTER_DISABLE</Register>
    <Register>VIDEO_DIP_CTRL_DISABLE</Register>
    <Register>PRIMARY_CTRL_DISABLE</Register>
  </Event>
  <Event name = "NON_HDMI_PANEL_SPRITE">
    <Register>SPRITE_ON</Register>
    <Register>PIPE_CONF_REGISTER_DISABLE</Register>
    <Register>VIDEO_DIP_CTRL_DISABLE</Register>
    <Register>PRIMARY_CTRL_DISABLE</Register>
  </Event>
  <Event name = "NON_HDMI_PANEL_CURSOR">
    <Register>CURSOR_CTRL_DISABLE</Register>
  </Event>
  <Event name = "NON_HDMI_PANEL_SPRITE_CURSOR">
    <Register>CURSOR_CTRL_DISABLE</Register>
  </Event>

  <Event name = "CLONE_MODE_SPRITE_DISABLE">
    <Register>SPRITE_OFF</Register>
    <Register>PIPE_CONF_REGISTER_DISABLE</Register>
    <Register>VIDEO_DIP_CTRL_DISABLE</Register>
    <Register>PRIMARY_CTRL_DISABLE</Register>
  </Event>

  <Event name = "CLONE_MODE_SPRITE_DISABLE_CURSOR">
    <Register>CURSOR_CTRL_DISABLE</Register>
  </Event>
  
  <Event name = "PIPE_SELECT">
    <Register>PIPE_DDI_CTRL_REGISTER</Register>
  </Event>
  <Event name = "PLANE_SELECT">
    <Register>PLANE_SELECT</Register>
  </Event>
  <Event name = "CRT_PIPE_SELECT">
    <Register>CRT_PIPE_SELECT</Register>
  </Event>
  <Event name = "EDP_PIPE_SELECT">
    <Register>EDP_PIPE_SELECT</Register>
  </Event>
  <Event name = "MIPI_PIPE_SELECT">
    <Register>MIPI_PIPE_SELECT</Register>
  </Event>
  <Event name = "HDMI_PIPE_SELECT">
    <Register>HDMI_PIPE_SELECT</Register>
  </Event>
  <Event name = "DP_PIPE_SELECT">
    <Register>DP_PIPE_SELECT</Register>
  </Event>

  <Event name = "CRT_ENABLED">
    <Register>CRT_ENABLED</Register>
  </Event>
  <Event name = "EDP_ENABLED">
    <Register>EDP_ENABLED</Register>
  </Event>
  <Event name = "MIPI_ENABLED">
    <Register>MIPI_ENABLED</Register>
  </Event>
  <Event name = "HDMI_ENABLED">
    <Register>HDMI_ENABLED</Register>
  </Event>
  <Event name = "DP_ENABLED">
    <Register>DP_ENABLED</Register>
  </Event>
  
  <Event name = "LPSP_ENABLE">
    <Register>LPSP_ENABLE</Register>
  </Event>
  <Event name = "OVERLAY_ENABLE">
    <Register>OVERLAY_ENABLE</Register>
  </Event>
  <Event name = "PANEL_FITTER_ENABLE">
    <Register>PANEL_FITTER_ENABLE</Register>
  </Event>
  <Event name = "SOURCE_PIPE_IMAGE">
    <Register>SOURCE_PIPE_IMAGE</Register>
  </Event>
  <Event name = "TARGET_PANEL_FITTER_IMAGE">
    <Register>TARGET_PANEL_FITTER_IMAGE</Register>
  </Event>
  <Event name = "PLL">
    <Register>PLL</Register>
  </Event>
  <Event name = "DPLL0_SSC">
    <Register>DPLL0_SSC</Register>
  </Event>
  <Event name = "DPLL1_SSC">
    <Register>DPLL1_SSC</Register>
  </Event>
  <Event name = "DPLL2_SSC">
    <Register>DPLL2_SSC</Register>
  </Event>
  <Event name = "DPLL3_SSC">
    <Register>DPLL3_SSC</Register>
  </Event>
  <Event name = "HTOTAL">
    <Register>HTOTAL</Register>
  </Event>
  <Event name = "VTOTAL">
    <Register>VTOTAL</Register>
  </Event>
  <Event name = "PF_INTERLACE_ENABLE">
    <Register>PF_INTERLACE_ENABLE</Register>
  </Event>
  <Event name = "PIPE_HOR_SOURCE_SIZE">
    <Register>PIPE_HOR_SOURCE_SIZE</Register>
  </Event>
  <Event name = "PIPE_VER_SOURCE_SIZE">
    <Register>PIPE_VER_SOURCE_SIZE</Register>
  </Event>
  <Event name = "PF_HOR_WIN_SIZE">
    <Register>PF_HOR_WIN_SIZE</Register>
  </Event>
  <Event name = "PF_VER_WIN_SIZE">
    <Register>PF_VER_WIN_SIZE</Register>
  </Event>
  <Event name = "FBC_REGISTER">
    <Register>FBC_REGISTER</Register>
  </Event>

  <Event name = "LATENCY_REGISTER_LSB">
    <Register>LATENCY_REGISTER_LSB</Register>
  </Event>
  <Event name = "LATENCY_REGISTER_MSB">
    <Register>LATENCY_REGISTER_MSB</Register>
  </Event>
  <Event name = "CURSOR_STATUS">
    <Register>CURSOR_STATUS</Register>
  </Event>
  <Event name = "DISPLAY_PLANE_STATUS">
    <Register>DISPLAY_PLANE_STATUS</Register>
  </Event>

  <Event name = "SPRITE_SIZE">
    <Register>SPRITE_SIZE</Register>
  </Event>
  
  <Event name = "DISPLAY_WATERMARK_REGISTER">
    <Register>DISPLAY_WATERMARK_REGISTER</Register>
  </Event>
  <Event name = "SPRITE_WATERMARK_REGISTER">
    <Register>SPRITE_WATERMARK_REGISTER</Register>
  </Event>
  <Event name = "CURSOR_WATERMARK_REGISTER">
    <Register>CURSOR_WATERMARK_REGISTER</Register>
  </Event>

  <Event name = "WM_LP1_ENABLE">
    <Register>WM_LP1_ENABLE</Register>
  </Event>
    <Event name = "WM_LP2_ENABLE">
    <Register>WM_LP2_ENABLE</Register>
  </Event>
  <Event name = "WM_LP3_ENABLE">
    <Register>WM_LP3_ENABLE</Register>
  </Event>
  <Event name = "WM_LP1_SPRITE">
    <Register>WM_LP1_SPRITE</Register>
  </Event>
  <Event name = "WM_LP2_SPRITE">
    <Register>WM_LP2_SPRITE</Register>
  </Event>
  <Event name = "WM_LP3_SPRITE">
    <Register>WM_LP3_SPRITE</Register>
  </Event>
  <Event name = "WM_LP1_DISPLAY">
    <Register>WM_LP1_DISPLAY</Register>
  </Event>
  <Event name = "WM_LP2_DISPLAY">
    <Register>WM_LP2_DISPLAY</Register>
  </Event>
  <Event name = "WM_LP3_DISPLAY">
    <Register>WM_LP3_DISPLAY</Register>
  </Event>
  <Event name = "WM_LP1_CURSOR">
    <Register>WM_LP1_CURSOR</Register>
  </Event>
  <Event name = "WM_LP2_CURSOR">
    <Register>WM_LP2_CURSOR</Register>
  </Event>
  <Event name = "WM_LP3_CURSOR">
    <Register>WM_LP3_CURSOR</Register>
  </Event>
  <Event name = "PLANE_1_A">
    <Register>PLANE_1_A</Register>
  </Event>
  <Event name = "PLANE_1_B">
    <Register>PLANE_1_B</Register>
  </Event>
  <Event name = "PLANE_1_C">
    <Register>PLANE_1_C</Register>
  </Event>
   <Event name = "PLANE_2_A">
    <Register>PLANE_2_A</Register>
  </Event>
  <Event name = "PLANE_2_B">
    <Register>PLANE_2_B</Register>
  </Event>
  <Event name = "PLANE_2_C">
    <Register>PLANE_2_C</Register>
  </Event>
  <Event name = "PLANE_3_A">
    <Register>PLANE_3_A</Register>
  </Event>
  <Event name = "PLANE_3_B">
    <Register>PLANE_3_B</Register>
  </Event>
  <Event name = "PLANE_3_C">
    <Register>PLANE_3_C</Register>
  </Event>
  <Event name = "CFGCR1">
    <Register>CFGCR1</Register>
  </Event>
  <Event name = "CFGCR2">
    <Register>CFGCR2</Register>
  </Event>
  <Event name = "CFGCR3">
    <Register>CFGCR3</Register>
  </Event>
  <Event name = "CDCLK_CTL">
    <Register>CDCLK_CTL</Register>
  </Event>
  <Event name = "PLL_ENABLE_STATUS">
    <Register>PLL_ENABLE_STATUS</Register>
  </Event>
  <!-- DeepColor Events  -->
  <Event name = "HDMI_12_DEEPCOLOR_ENABLED">
    <Register>PIPE_12BPC</Register>
    <Register>GCP_Packet_Enable</Register>
  </Event>
  <Event name = "DP_10_DEEPCOLOR_ENABLED">
    <Register>PIPE_10BPC</Register>
  </Event>
  <Event name = "DP_12_DEEPCOLOR_ENABLED">
    <Register>PIPE_12BPC</Register>
  </Event>
  <Event name = "EDP_10_DEEPCOLOR_ENABLED">
    <Register>PIPE_10BPC</Register>
  </Event>
  <Event name = "HDMI_12_DEEPCOLOR_DISABLED">
    <Register>PIPE_8BPC</Register>
  </Event>
  <Event name = "HDMI_10_DEEPCOLOR_DISABLED">
    <Register>PIPE_8BPC</Register>
  </Event>
  <Event name = "HDMI_8_DEEPCOLOR_DISABLED">
    <Register>PIPE_8BPC</Register>
  </Event>
  <Event name = "DP_10_DEEPCOLOR_DISABLED">
    <Register>PIPE_8BPC</Register>
  </Event>
  <Event name = "DP_12_DEEPCOLOR_DISABLED">
    <Register>PIPE_8BPC</Register>
  </Event>
  <Event name = "CRT_8_DEEPCOLOR_DISABLED">
    <Register>PIPE_8BPC</Register>
  </Event>
  <Event name = "EDP_6_DEEPCOLOR_DISABLED">
    <Register>PIPE_6BPC</Register>
  </Event>
  <Event name = "EDP_8_DEEPCOLOR_DISABLED">
    <Register>PIPE_8BPC</Register>
  </Event>
  <Event name = "DITHERING_ENABLE">
    <Register>DITHERING_ENABLE</Register>
  </Event>
  <Event name = "DITHERING_BPC">
    <Register>DITHERING_BPC</Register>
  </Event>
  <Event name = "DP_8_DEEPCOLOR_DISABLED">
    <Register>PIPE_8BPC</Register>
  </Event>
  <!--WIDE_GAMUT-->
  <Event name = "WB_SLIDER_LEVEL4">
    <Register>WB_SLIDER_LEVEL4</Register>
  </Event>
  <Event name = "WB_SLIDER_LEVEL3">
    <Register>WB_SLIDER_LEVEL3</Register>
  </Event>
  <Event name = "WB_SLIDER_LEVEL2">
    <Register>WB_SLIDER_LEVEL2</Register>
  </Event>
  <Event name = "WB_SLIDER_LEVEL1">
    <Register>WB_SLIDER_LEVEL1</Register>
  </Event>
  <Event name = "WB_SLIDER_LEVEL5">
    <Register>WB_SLIDER_LEVEL1</Register>
  </Event>
  <Event name = "PIPE_CSC">
    <Register>PIPE_ENABLE_STATUS</Register>
    <Register>PRIMARY_CTRL_ENABLE</Register>
  </Event>
   <Event name = "WIDEGAMUT_LP">
    <Register>WIDEGAMUT_LP</Register>
  </Event>
  <Event name = "WIDEGAMUT_LP_DE_GAMMA">
    <Register>WIDEGAMUT_LP_DE_GAMMA</Register>
  </Event>
  <Event name = "NARROW_GAMUT_ENABLE">
    <Register>NARROW_GAMUT_ENABLE</Register>
  </Event>
  <Event name = "NARROW_GAMUT_DISABLE">
    <Register>NARROW_GAMUT_DISABLE</Register>
  </Event>
  <Event name = "CURSOR_CSC_ENABLE">
    <Register>CURSOR_CSC_ENABLE</Register>
  </Event>
  <Event name = "CURSOR_CSC_DISABLE">
    <Register>CURSOR_CSC_DISABLE</Register>
  </Event>
  <Event name = "LINKRATE308">
    <Register>LINKRATE308</Register>
  </Event>
  <Event name = "LINKRATE337">
    <Register>LINKRATE337</Register>
  </Event>
  <Event name = "LINKRATE432">
    <Register>LINKRATE432</Register>
  </Event>
  <Event name = "LINKRATE450">
    <Register>LINKRATE450</Register>
  </Event>
  <Event name = "LINKRATE540">
    <Register>LINKRATE540</Register>
  </Event>
  <Event name = "LINKRATE617">
    <Register>LINKRATE617</Register>
  </Event>
  <Event name = "LINKRATE675">
    <Register>LINKRATE675</Register>
  </Event>
  <Event name = "EDP_VERSION">
    <Register>EDP_VERSION</Register>
  </Event>
  <!--MIPI Specific-->
  <Event name = "DPI_HACTIVE">
    <Register>DPI_HACTIVE</Register>
  </Event>
  <Event name = "DPI_VACTIVE">
    <Register>DPI_VACTIVE</Register>
  </Event>
  <Event name = "MIPI_PIXEL_ALTERNATIVE">
    <Register>MIPI_PIXEL_ALTERNATIVE</Register>
  </Event>
  <Event name = "MIPI_DUAL_LINK_MODE">
    <Register>MIPI_DUAL_LINK_MODE</Register>
  </Event>

  <Event name = "NonBurst_Sync_Pulse">
    <Register>NonBurst_Sync_Pulse</Register>
  </Event>
  <Event name = "NonBurst_Sync_Events">
    <Register>NonBurst_Sync_Events</Register>
  </Event>
  <Event name = "BurstMode">
    <Register>BurstMode</Register>
  </Event>

  <Event name = "MIPI_ColorFormat_RGB565">
    <Register>MIPI_ColorFormat_RGB565</Register>
  </Event>
  <Event name = "MIPI_ColorFormat_RGB666">
    <Register>MIPI_ColorFormat_RGB666</Register>
  </Event>
  <Event name = "MIPI_ColorFormat_RGB666_Loosely_Packed">
    <Register>MIPI_ColorFormat_RGB666_Loosely_Packed</Register>
  </Event>
  <Event name = "MIPI_ColorFormat_RGB888">
    <Register>MIPI_ColorFormat_RGB888</Register>
  </Event>
  <Event name = "MIPI_DATA_LANES">
    <Register>MIPI_DATA_LANES</Register>
  </Event>
  
  <Event name = "MIPI_DSI_Resolution">
    <Register>MIPI_DSI_Resolution</Register>
  </Event>
  <Event name = "MIPI_HORIZ_SYNC_PADDING_COUNT">
    <Register>MIPI_HORIZ_SYNC_PADDING_COUNT</Register>
  </Event>
  <Event name = "MIPI_HORIZ_BACK_PORCH_COUNT">
    <Register>MIPI_HORIZ_BACK_PORCH_COUNT</Register>
  </Event>
  <Event name = "MIPI_HORIZ_FRONT_PORCH_COUNT">
    <Register>MIPI_HORIZ_FRONT_PORCH_COUNT</Register>
  </Event>
  <Event name = "MIPI_HORIZ_ACTIVE_AREA_COUNT">
    <Register>MIPI_HORIZ_ACTIVE_AREA_COUNT</Register>
  </Event>
  <Event name = "MIPI_VERT_SYNC_PADDING_COUNT">
    <Register>MIPI_VERT_SYNC_PADDING_COUNT</Register>
  </Event>
  <Event name = "MIPI_VERT_BACK_PORCH_COUNT">
    <Register>MIPI_VERT_BACK_PORCH_COUNT</Register>
  </Event>
  <Event name = "MIPI_VERT_FRONT_PORCH_COUNT">
    <Register>MIPI_VERT_FRONT_PORCH_COUNT</Register>
  </Event>
  <Event name = "MIPI_HIGH_LOW_SWITCH_COUNT">
    <Register>MIPI_HIGH_LOW_SWITCH_COUNT</Register>
  </Event>
  <Event name = "MIPI_Data_Width_CMD_Mode">
    <Register>MIPI_Data_Width_CMD_Mode</Register>
  </Event>
  
  <Event name = "MIPI_INTR_STAT_REG">
    <Register>MIPI_INTR_STAT_REG</Register>
  </Event>
  <Event name = "MIPI_GEN_FIFO_STAT_REGISTER">
    <Register>MIPI_GEN_FIFO_STAT_REGISTER</Register>
  </Event>
  <Event name = "MIPI_DPHY_PARAM_REG">
    <Register>MIPI_DPHY_PARAM_REG</Register>
  </Event>
  <Event name = "MIPI_DEVICE_RESET_TIMER">
    <Register>MIPI_DEVICE_RESET_TIMER</Register>
  </Event>
  <Event name = "MIPI_TURN_AROUND_TIMEOUT_REG">
    <Register>MIPI_TURN_AROUND_TIMEOUT_REG</Register>
  </Event>
  <Event name = "MIPI_Disable_Video_BTA">
    <Register>MIPI_Disable_Video_BTA</Register>
  </Event>
  <Event name = "MIPI_HS_TX_TIMEOUT_REG">
    <Register>MIPI_HS_TX_TIMEOUT_REG</Register>
  </Event>
  <Event name = "MIPI_LP_RX_TIMEOUT_REG">
    <Register>MIPI_LP_RX_TIMEOUT_REG</Register>
  </Event>
  <Event name = "MIPI_EOT_DISABLE_REGISTER">
    <Register>MIPI_EOT_DISABLE_REGISTER</Register>
  </Event>
  <Event name = "MIPI_DITERING_STATUS">
    <Register>MIPI_DITERING_STATUS</Register>
  </Event>
  
  <!--AUDIO-->
  <Event name = "AUDIO_ENABLE">
    <Register>AUD_PIN_ELD_CP_VLD_ENABLE</Register>
  </Event>
  <Event name = "AUDIO_DISABLE">
    <Register>AUD_PIN_ELD_CP_VLD_DISABLE</Register>
  </Event>
  <!--AUDIO-->
</Events>
