<?xml version="1.0" encoding="utf-8" ?>
<Platforms>
  <Platform ID="IVBM">
    <Device ID="0156"></Device>
    <Device ID="0166"></Device>
    <Device ID="0176"></Device>
    <Device ID="0186"></Device>
  </Platform>
  <Platform ID="HSW">
    <Device ID="0406"></Device>
    <Device ID="0416"></Device>
    <Device ID="0D16"></Device>
    <Device ID="0D26"></Device>
    <Device ID="0094"></Device>
    <Device ID="0C04"></Device>
    <Device ID="0C06"></Device>
    <Device ID="0C0B"></Device>
    <Device ID="0C16"></Device>
    <Device ID="0C26"></Device>
    <Device ID="0D04"></Device>
    <Device ID="0402"></Device>
    <Device ID="0412"></Device>
    <Device ID="041E"></Device>
    <Device ID="0D12"></Device>
    <Device ID="0D22"></Device>
    <Device ID="0C00"></Device>
    <Device ID="0C02"></Device>
    <Device ID="0C12"></Device>
    <Device ID="0C22"></Device>
    <Device ID="0D02"></Device>
    <Device ID="0A06"></Device>
    <Device ID="0A16"></Device>
    <Device ID="0A26"></Device>
    <Device ID="0A0E"></Device>
    <Device ID="0A1E"></Device>
    <Device ID="0A2E"></Device>
  </Platform>
  <Platform ID="VLV">
    <Device ID="0F00"></Device>
    <Device ID="0F30"></Device>
    <Device ID="0F31"></Device>
  </Platform>
  <Platform ID="BDW">
    <Device ID="1606"></Device>
    <Device ID="1616"></Device>
    <Device ID="1626"></Device>
    <Device ID="160E"></Device>
    <Device ID="161E"></Device>
    <Device ID="162E"></Device>
    <Device ID="162B"></Device>
    <Device ID="1602"></Device>
    <Device ID="1612"></Device>
    <Device ID="1622"></Device>
    <Device ID="0090"></Device>
    <Device ID="0BD0"></Device>
    <Device ID="0BD1"></Device>
    <Device ID="0BD2"></Device>
    <Device ID="0BD3"></Device>
    <Device ID="0BD4"></Device>
  </Platform>
  <Platform ID="SKL">
    <Device ID="0903"></Device>
    <Device ID="191EA"></Device>
    <Device ID="1912"></Device>
    <Device ID="1904"></Device>
    <Device ID="190C"></Device>
    <Device ID="1900"></Device>
    <Device ID="190F"></Device>
    <Device ID="1910"></Device>
    <Device ID="1906"></Device>
    <Device ID="1916"></Device>
    <Device ID="1926"></Device>
    <Device ID="191B"></Device>
    <Device ID="191E"></Device>
    <Device ID="193B"></Device>
    <Device ID="190E"></Device>
    <Device ID="1915"></Device>
    <Device ID="1913"></Device>
    <Device ID="1906"></Device>
    <Device ID="1921"></Device>
    <Device ID="1902"></Device>
    <Device ID="1917"></Device>
    <Device ID="1932"></Device>
    <Device ID="190B"></Device>
    <Device ID="191B"></Device>
    <Device ID="192B"></Device>
  </Platform>
  <Platform ID="CHV">
    <Device ID="22B0"></Device>
    <Device ID="22B1"></Device>
  </Platform>
  <Platform ID="BXT">
    <Device ID="9906"></Device>
    <Device ID="9907"></Device>
    <Device ID="9908"></Device>
    <Device ID="1A84"></Device>
    <Device ID="1A85"></Device>
    <Device ID="0A84"></Device>
    <Device ID="5A84" formfactor ="APL"></Device>
    <Device ID="5A85" formfactor ="APL"></Device>
  </Platform>
  <Platform ID="CNL">
    <Device ID="0A00"></Device>
    <Device ID="0A01"></Device>
    <Device ID="0A02"></Device>
    <Device ID="0A05"></Device>
    <Device ID="0A07"></Device>
    <Device ID="5A52"></Device>
    <Device ID="5A51"></Device>
    <Device ID="5A59"></Device>
    <Device ID="5A41"></Device>
    <Device ID="5A49"></Device>
    <Device ID="5A71"></Device>
    <Device ID="5A79"></Device>
    <Device ID="5A5A"></Device>
    <Device ID="5A42"></Device>
    <Device ID="5A4A"></Device>
    <Device ID="5A50"></Device>
    <Device ID="5A40"></Device>
    <Device ID="5A56"></Device>
    <Device ID="5A54"></Device>
    <Device ID="5A5C"></Device>
    <Device ID="5A44"></Device>
    <Device ID="5A5D"></Device>
    <Device ID="5A45"></Device>
    <Device ID="5A4D"></Device>
    <Device ID="5A64"></Device>
    <Device ID="5A65"></Device>
    <Device ID="5A75"></Device>
    <Device ID="5A71"></Device>
  </Platform>
 <Platform ID="KBL">
    <Device ID="5902"></Device>
    <Device ID="5906"></Device>
    <Device ID="590A"></Device>
    <Device ID="590B"></Device>
    <Device ID="590E"></Device>
    <Device ID="5912"></Device>
    <Device ID="5913"></Device>
    <Device ID="5915"></Device>
    <Device ID="5916"></Device>
    <Device ID="5917"></Device>
    <Device ID="591A"></Device>
    <Device ID="591B"></Device>
    <Device ID="591D"></Device>
    <Device ID="591E"></Device>
    <Device ID="5921"></Device>
    <Device ID="5926"></Device>
    <Device ID="5927"></Device>
    <Device ID="592A"></Device>
    <Device ID="592B"></Device>
    <Device ID="5932"></Device>
    <Device ID="593A"></Device>
    <Device ID="593B"></Device>
    <Device ID="593D"></Device>
    <Device ID="3E90"></Device>
    <Device ID="3E92"></Device>
    <Device ID="3E94"></Device>
    <Device ID="3E9B"></Device>
    <Device ID="3EA5"></Device>
    <Device ID="3EA6"></Device>
   </Platform>
  <Platform ID="GLK">
    <Device ID="3184"></Device>
    <Device ID="3185"></Device>
  </Platform>
  <Platform ID="ICL">
    <Device ID="FF01"></Device>
    <Device ID="FF02"></Device>
    <Device ID="FF05"></Device>
    <Device ID="FF15"></Device>
    <Device ID="8A50"></Device>
    <Device ID="8A51"></Device>
    <Device ID="8A52"></Device>
    <Device ID="8A53"></Device>
    <Device ID="8A54"></Device>
    <Device ID="8A55"></Device>
    <Device ID="8A56"></Device>
    <Device ID="8A57"></Device>
    <Device ID="8A40"></Device>
  </Platform>
</Platforms>