<?xml version="1.0" encoding="utf-8"?>
<Features>
  <feature name="CaptureScreenImage" actionClass="GetterSetterAction" source="AccessAPI"/>
  <feature name="InstallDriver" actionClass="GetterSetterAction" source="AccessAPI"/>
  <feature name="InstallDDriver" actionClass="GetterSetterAction" source="AccessAPI"/>
  <feature name="UnInstallDriver" actionClass="GetterSetterAction" source="AccessAPI"/>
  <feature name="UpgradeDriver" actionClass="GetterSetterAction" source="AccessAPI"/>
  <feature name="EnableDriver" actionClass="GetterSetterAction" source="AccessAPI"/>
  <feature name="DisableDriver" actionClass="GetterSetterAction" source="AccessAPI"/>
  <feature name="DriverVerifier" actionClass="GetterSetterAction" source="AccessAPI"/>
  <feature name="DriverFunction" actionClass="GetterSetterAction" source="AccessAPI"/>
  <feature name="Modes" actionClass="GetterSetterAction" source="AccessAPI"/>
  <feature name="Scaling" actionClass="GetterSetterAction" source="AccessAPI"/>
  <feature name="Resolution" actionClass="GetterSetterAction" source="AccessAPI"/>
  <feature name="RefreshRate" actionClass="GetterSetterAction" source="AccessAPI"/>
  <feature name="Bpp" actionClass="GetterSetterAction" source="AccessAPI"/>
  <feature name="Rotation" actionClass="GetterSetterAction" source="AccessAPI"/>
  <feature name="Config" actionClass="GetterSetterAction" source="AccessAPI"/>
  <feature name="PowerEvent" actionClass="GetterSetterAction" source="AccessAPI"/>
  <feature name="WindowsMonitorID" actionClass="GetterSetterAction" source="AccessAPI"/>
  <feature name="DisplayEnumeration" actionClass="GetterSetterAction" source="AccessAPI"/>
  <feature name="ACPIFunctions" actionClass="GetterSetterAction" source="AccessAPI"/>
  <feature name="SDKDisplayEnumeration" actionClass="GetterSetterAction" source="AccessAPI"/>
  <feature name="InfoFrameParsing" actionClass="GetterSetterAction" source="AccessAPI"/>
  <feature name="DvmuHotPlugStatus" actionClass="GetterSetterAction" source="AccessAPI"/>
  <feature name="SimulatedHotPlugDisplay" actionClass="GetterSetterAction" source="AccessAPI"/>
  <feature name="CursorEvent" actionClass="GetterSetterAction" source="AccessAPI"/>
  <feature name="WinSystemInformation" actionClass="GetterSetterAction" source="AccessAPI"/>
  <feature name="Chronometer" actionClass="GetterSetterAction" source="AccessAPI"/>
  <feature name="ConnectedStandby" actionClass="GetterSetterAction" source="AccessAPI"/>
  <feature name="NetworkConnection" actionClass="GetterSetterAction" source="AccessAPI"/>
  <feature name="DriverEscape" actionClass="GetterSetterAction" source="AccessAPI"/>
  <feature name="CPUState" actionClass="GetterSetterAction" source="AccessAPI"/>
  <feature name="ForceTDR" actionClass="GetterSetterAction" source="AccessAPI"/>
  <feature name="MonitorTurnOff" actionClass="GetterSetterAction" source="AccessAPI"/>
  <feature name="EventRegisterInfo" actionClass="GetterSetterAction" source="AccessAPI"/>
  <feature name="PipePlane" actionClass="GetterSetterAction" source="AccessAPI"/>
  <feature name="AddToRegistry" actionClass="GetterSetterAction" source="AccessAPI"/>
  <feature name="MDRRS_48Hz" actionClass="GetterSetterAction" source="AccessAPI"/>
  <feature name="RegistryInf" actionClass="GetterSetterAction" source="AccessAPI"/>
  <feature name="AudioEnumeration" actionClass="GetterSetterAction" source="AccessAPI"/>
  <feature name="MoveCursor" actionClass="GetterSetterAction" source="AccessAPI"/>
  <feature name="XvYcc" actionClass="GetterSetterAction" source="AccessAPI"/>
  <feature name="YCbCr" actionClass="GetterSetterAction" source="AccessAPI"/>
  <feature name="LidSwitch" actionClass="GetterSetterAction" source="AccessAPI"/>
  <feature name="Watermark" actionClass="GetterSetterAction" source="AccessAPI"/>
  <feature name="ULT_Framework" actionClass="GetterSetterAction" source="AccessAPI"/>
  <feature name="DBuf" actionClass="GetterSetterAction" source="AccessAPI"/>
  <feature name="PromptMessage" actionClass="GetterSetterAction" source="AccessAPI"/>
  <feature name="ImageProcessing" actionClass="GetterSetterAction" source="AccessAPI"/>
  <feature name="QuantizationRange" actionClass="GetterSetterAction" source="AccessAPI"/>
  <feature name="SetUpDesktop" actionClass="GetterSetterAction" source="AccessAPI"/>
  <feature name="Scaling" actionClass="GetterSetterAction" source="AccessAPI"/>
  <feature name="WideGamut" actionClass="GetterSetterAction" source="AccessAPI"/>
  <feature name="PLL" actionClass="GetterSetterAction" source="AccessAPI"/>
  <feature name="YTiling" actionClass="GetterSetterAction" source="AccessAPI"/>
  <feature name="NarrowGamut" actionClass="GetterSetterAction" source="AccessAPI"/>
  <feature name="DpcdRegister" actionClass="GetterSetterAction" source="AccessAPI"/>
  <feature name="CRC" actionClass="GetterSetterAction" source="AccessAPI"/>
  <feature name="EDIDData" actionClass="GetterSetterAction" source="AccessAPI"/>
  <feature name="CrcGoldenData" actionClass="GetterSetterAction" source="AccessAPI"/>
  <feature name="PSR1" actionClass="GetterSetterAction" source="AccessAPI"/>
  <feature name="PSR2" actionClass="GetterSetterAction" source="AccessAPI"/>
  <feature name="WIGIG" actionClass="GetterSetterAction" source="AccessAPI"/>  
  <feature name="SdkIndependentRotation" actionClass="GetterSetterAction" source="AccessAPI"/>
  <feature name="DeviceStatus" actionClass="GetterSetterAction" source="AccessAPI"/>
  <feature name="SDKConfig" actionClass="GetterSetterAction" source="AccessAPI"/>
  <feature name="Collage" actionClass="GetterSetterAction" source="AccessAPI"/>
  <feature name="NonPnPDriverRoutine" actionClass="GetterSetterAction" source="AccessAPI"/>
  <feature name="PanelBLCInfo" actionClass="GetterSetterAction" source="AccessAPI"/>
  <feature name="PanelBrightnessControl" actionClass="GetterSetterAction" source="AccessAPI"/>
  <feature name="StaticForm" actionClass="GetterSetterAction" source="AccessAPI"/>
  <feature name="VerifyCRC" actionClass="GetterSetterAction" source="AccessAPI"/>
  <feature name="DSR" actionClass="GetterSetterAction" source="AccessAPI"/>
  <feature name="SocWatch" actionClass="GetterSetterAction" source="AccessAPI"/>
  <feature name="VerifyUnderrun" actionClass="GetterSetterAction" source="AccessAPI"/>
  <feature name="VerifySystemState" actionClass="GetterSetterAction" source="AccessAPI"/>
  <feature name="PowerWell" actionClass="GetterSetterAction" source="AccessAPI"/>
</Features>
